MPLINK 4.35, Linker
Linker Map File - Created Fri May 16 12:11:34 2014

                                 Section Info
                  Section       Type    Address   Location Size(Bytes)
                ---------  ---------  ---------  ---------  ---------
                   .org_0       code   0x000000    program   0x000106
                   .cinit    romdata   0x000083    program   0x000004
        .config_2007_SL.O       code   0x002007    program   0x000002



                              Program Memory Usage 
                               Start         End      
                           ---------   ---------      
                            0x000000    0x000084      
                            0x002007    0x002007      
            134 out of 1093 program addresses used, program memory utilization is 12%



                              Symbols - Sorted by Name
                     Name    Address   Location    Storage File                     
                ---------  ---------  ---------  --------- ---------                
                 ADELANTE   0x000050    program     static C:\Users\PraxedisAugusto\Documents\GitHub\SigueLineas\SL.asm
                    ATRAS   0x000053    program     static C:\Users\PraxedisAugusto\Documents\GitHub\SigueLineas\SL.asm
                     ATRD   0x00005c    program     static C:\Users\PraxedisAugusto\Documents\GitHub\SigueLineas\SL.asm
                     ATRI   0x000063    program     static C:\Users\PraxedisAugusto\Documents\GitHub\SigueLineas\SL.asm
                    CICLO   0x00001d    program     static C:\Users\PraxedisAugusto\Documents\GitHub\SigueLineas\SL.asm
                  DERECHA   0x00003e    program     static C:\Users\PraxedisAugusto\Documents\GitHub\SigueLineas\SL.asm
                   INICIO   0x000000    program     static C:\Users\PraxedisAugusto\Documents\GitHub\SigueLineas\SL.asm
                IZQUIERDA   0x000047    program     static C:\Users\PraxedisAugusto\Documents\GitHub\SigueLineas\SL.asm
                    PAUSA   0x00006a    program     static C:\Users\PraxedisAugusto\Documents\GitHub\SigueLineas\SL.asm
                   PAUSA2   0x000077    program     static C:\Users\PraxedisAugusto\Documents\GitHub\SigueLineas\SL.asm
             _.org_0_0071   0x000071    program     static C:\Users\PraxedisAugusto\Documents\GitHub\SigueLineas\SL.asm
             _.org_0_0073   0x000073    program     static C:\Users\PraxedisAugusto\Documents\GitHub\SigueLineas\SL.asm
             _.org_0_0075   0x000075    program     static C:\Users\PraxedisAugusto\Documents\GitHub\SigueLineas\SL.asm
             _.org_0_007D   0x00007d    program     static C:\Users\PraxedisAugusto\Documents\GitHub\SigueLineas\SL.asm
             _.org_0_007F   0x00007f    program     static C:\Users\PraxedisAugusto\Documents\GitHub\SigueLineas\SL.asm
             _.org_0_0081   0x000081    program     static C:\Users\PraxedisAugusto\Documents\GitHub\SigueLineas\SL.asm



                              Symbols - Sorted by Address
                     Name    Address   Location    Storage File                     
                ---------  ---------  ---------  --------- ---------                
                   INICIO   0x000000    program     static C:\Users\PraxedisAugusto\Documents\GitHub\SigueLineas\SL.asm
                    CICLO   0x00001d    program     static C:\Users\PraxedisAugusto\Documents\GitHub\SigueLineas\SL.asm
                  DERECHA   0x00003e    program     static C:\Users\PraxedisAugusto\Documents\GitHub\SigueLineas\SL.asm
                IZQUIERDA   0x000047    program     static C:\Users\PraxedisAugusto\Documents\GitHub\SigueLineas\SL.asm
                 ADELANTE   0x000050    program     static C:\Users\PraxedisAugusto\Documents\GitHub\SigueLineas\SL.asm
                    ATRAS   0x000053    program     static C:\Users\PraxedisAugusto\Documents\GitHub\SigueLineas\SL.asm
                     ATRD   0x00005c    program     static C:\Users\PraxedisAugusto\Documents\GitHub\SigueLineas\SL.asm
                     ATRI   0x000063    program     static C:\Users\PraxedisAugusto\Documents\GitHub\SigueLineas\SL.asm
                    PAUSA   0x00006a    program     static C:\Users\PraxedisAugusto\Documents\GitHub\SigueLineas\SL.asm
             _.org_0_0071   0x000071    program     static C:\Users\PraxedisAugusto\Documents\GitHub\SigueLineas\SL.asm
             _.org_0_0073   0x000073    program     static C:\Users\PraxedisAugusto\Documents\GitHub\SigueLineas\SL.asm
             _.org_0_0075   0x000075    program     static C:\Users\PraxedisAugusto\Documents\GitHub\SigueLineas\SL.asm
                   PAUSA2   0x000077    program     static C:\Users\PraxedisAugusto\Documents\GitHub\SigueLineas\SL.asm
             _.org_0_007D   0x00007d    program     static C:\Users\PraxedisAugusto\Documents\GitHub\SigueLineas\SL.asm
             _.org_0_007F   0x00007f    program     static C:\Users\PraxedisAugusto\Documents\GitHub\SigueLineas\SL.asm
             _.org_0_0081   0x000081    program     static C:\Users\PraxedisAugusto\Documents\GitHub\SigueLineas\SL.asm


